Traceback (most recent call last):
  File "<frozen runpy>", line 198, in _run_module_as_main
  File "<frozen runpy>", line 88, in _run_code
  File "D:\ProjectPython\Study_ChatBot\Agent_Study\mathmentor-ai\scripts\build_wiki_articles.py", line 211, in <module>
    asyncio.run(main())
  File "C:\Python312\Lib\asyncio\runners.py", line 194, in run
    return runner.run(main)
           ^^^^^^^^^^^^^^^^
  File "C:\Python312\Lib\asyncio\runners.py", line 118, in run
    return self._loop.run_until_complete(task)
           ^^^^^^^^^^^^^^^^^^^^^^^^^^^^^^^^^^^
  File "C:\Python312\Lib\asyncio\base_events.py", line 687, in run_until_complete
    return future.result()
           ^^^^^^^^^^^^^^^
  File "D:\ProjectPython\Study_ChatBot\Agent_Study\mathmentor-ai\scripts\build_wiki_articles.py", line 165, in main
    print(f"  [{grade}] {topic} ({len(chunks)} chunks) \u2192 {slug}", end="")
  File "C:\Python312\Lib\encodings\cp1252.py", line 19, in encode
    return codecs.charmap_encode(input,self.errors,encoding_table)[0]
           ^^^^^^^^^^^^^^^^^^^^^^^^^^^^^^^^^^^^^^^^^^^^^^^^^^^^^^^
UnicodeEncodeError: 'charmap' codec can't encode character '\u1ecb' in position 13: character maps to <undefined>
Found 111 topic groups

